2026-03-06 18:23:05,702 masks.py INFO: Старт функции get_mask_card_number
2026-03-06 18:23:05,702 masks.py DEBUG: Получены данные: 1315158342157982
2026-03-06 18:23:05,702 masks.py DEBUG: Результат: 1315 15** **** 7982
2026-03-06 18:23:05,702 masks.py INFO: Функция завершена успешно
2026-03-06 18:23:05,704 masks.py INFO: Старт функции get_mask_card_number
2026-03-06 18:23:05,704 masks.py DEBUG: Получены данные: 5713546281342118
2026-03-06 18:23:05,704 masks.py DEBUG: Результат: 5713 54** **** 2118
2026-03-06 18:23:05,704 masks.py INFO: Функция завершена успешно
2026-03-06 18:23:05,705 masks.py INFO: Старт функции get_mask_card_number
2026-03-06 18:23:05,705 masks.py DEBUG: Получены данные: 8431843522548135
2026-03-06 18:23:05,705 masks.py DEBUG: Результат: 8431 84** **** 8135
2026-03-06 18:23:05,705 masks.py INFO: Функция завершена успешно
2026-03-06 18:23:05,706 masks.py INFO: Старт функции get_mask_card_number
2026-03-06 18:23:05,706 masks.py DEBUG: Получены данные: 515465
2026-03-06 18:23:05,706 masks.py ERROR: Ошибка данных: Не соответствующая длина номера
2026-03-06 18:23:05,707 masks.py INFO: Старт функции get_mask_card_number
2026-03-06 18:23:05,707 masks.py DEBUG: Получены данные: -525245
2026-03-06 18:23:05,707 masks.py ERROR: Ошибка данных: Номер отрицательный
2026-03-06 18:23:05,708 masks.py INFO: Старт функции get_mask_card_number
2026-03-06 18:23:05,708 masks.py DEBUG: Получены данные: 51384255423158672
2026-03-06 18:23:05,708 masks.py ERROR: Ошибка данных: Не соответствующая длина номера
2026-03-06 18:23:05,709 masks.py INFO: Старт функции get_mask_account
2026-03-06 18:23:05,709 masks.py DEBUG: Получен номер: 13521532158342157982
2026-03-06 18:23:05,709 masks.py DEBUG: Результат: **7982
2026-03-06 18:23:05,709 masks.py INFO: Функция завершена успешно
2026-03-06 18:23:05,710 masks.py INFO: Старт функции get_mask_account
2026-03-06 18:23:05,710 masks.py DEBUG: Получен номер: 57135461251281342118
2026-03-06 18:23:05,710 masks.py DEBUG: Результат: **2118
2026-03-06 18:23:05,710 masks.py INFO: Функция завершена успешно
2026-03-06 18:23:05,711 masks.py INFO: Старт функции get_mask_account
2026-03-06 18:23:05,711 masks.py DEBUG: Получен номер: 84318465323522548135
2026-03-06 18:23:05,711 masks.py DEBUG: Результат: **8135
2026-03-06 18:23:05,711 masks.py INFO: Функция завершена успешно
2026-03-06 18:23:05,712 masks.py INFO: Старт функции get_mask_account
2026-03-06 18:23:05,712 masks.py DEBUG: Получен номер: 515465
2026-03-06 18:23:05,712 masks.py ERROR: Ошибка данных: Не верная длина номера: 515465
2026-03-06 18:23:05,713 masks.py INFO: Старт функции get_mask_account
2026-03-06 18:23:05,713 masks.py DEBUG: Получен номер: -525245
2026-03-06 18:23:05,713 masks.py ERROR: Ошибка данных: Номер отрицательный
2026-03-06 18:23:05,714 masks.py INFO: Старт функции get_mask_account
2026-03-06 18:23:05,714 masks.py DEBUG: Получен номер: 5138425542315867264352
2026-03-06 18:23:05,714 masks.py ERROR: Ошибка данных: Не верная длина номера: 5138425542315867264352
2026-03-06 18:23:05,734 masks.py INFO: Старт функции get_mask_account
2026-03-06 18:23:05,734 masks.py DEBUG: Получен номер: 51235125151651681616
2026-03-06 18:23:05,734 masks.py DEBUG: Результат: **1616
2026-03-06 18:23:05,734 masks.py INFO: Функция завершена успешно
2026-03-06 18:23:05,735 masks.py INFO: Старт функции get_mask_account
2026-03-06 18:23:05,735 masks.py DEBUG: Получен номер: 35151561612435131305
2026-03-06 18:23:05,735 masks.py DEBUG: Результат: **1305
2026-03-06 18:23:05,735 masks.py INFO: Функция завершена успешно
2026-03-06 18:23:05,736 masks.py INFO: Старт функции get_mask_card_number
2026-03-06 18:23:05,736 masks.py DEBUG: Получены данные: 8465165141351313
2026-03-06 18:23:05,736 masks.py DEBUG: Результат: 8465 16** **** 1313
2026-03-06 18:23:05,736 masks.py INFO: Функция завершена успешно
2026-03-06 18:23:05,736 masks.py INFO: Старт функции get_mask_card_number
2026-03-06 18:23:05,737 masks.py DEBUG: Получены данные: 4654651023331230
2026-03-06 18:23:05,737 masks.py DEBUG: Результат: 4654 65** **** 1230
2026-03-06 18:23:05,737 masks.py INFO: Функция завершена успешно
2026-03-06 18:23:05,737 masks.py INFO: Старт функции get_mask_account
2026-03-06 18:23:05,737 masks.py DEBUG: Получен номер: 8135131
2026-03-06 18:23:05,738 masks.py ERROR: Ошибка данных: Не верная длина номера: 8135131
2026-03-06 18:23:05,740 masks.py INFO: Старт функции get_mask_account
2026-03-06 18:23:05,740 masks.py DEBUG: Получен номер: 81335165151131551
2026-03-06 18:23:05,740 masks.py ERROR: Ошибка данных: Не верная длина номера: 81335165151131551
